Analysis & Synthesis report for hamed
Wed May 25 14:14:16 2016
Quartus II 64-Bit Version 13.0.1 Build 232 06/12/2013 Service Pack 1 SJ Web Edition


---------------------
; Table of Contents ;
---------------------
  1. Legal Notice
  2. Analysis & Synthesis Summary
  3. Analysis & Synthesis Settings
  4. Parallel Compilation
  5. Analysis & Synthesis Source Files Read
  6. Analysis & Synthesis Resource Usage Summary
  7. Analysis & Synthesis Resource Utilization by Entity
  8. Analysis & Synthesis DSP Block Usage Summary
  9. State Machine - |hamed|controller:inst4|ps
 10. User-Specified and Inferred Latches
 11. Registers Removed During Synthesis
 12. General Register Statistics
 13. Multiplexer Restructuring Statistics (Restructuring Performed)
 14. Parameter Settings for Inferred Entity Instance: Mult16bit:inst11|lpm_mult:Mult0
 15. lpm_mult Parameter Settings by Entity Instance
 16. Elapsed Time Per Partition
 17. Analysis & Synthesis Messages



----------------
; Legal Notice ;
----------------
Copyright (C) 1991-2013 Altera Corporation
Your use of Altera Corporation's design tools, logic functions 
and other software and tools, and its AMPP partner logic 
functions, and any output files from any of the foregoing 
(including device programming or simulation files), and any 
associated documentation or information are expressly subject 
to the terms and conditions of the Altera Program License 
Subscription Agreement, Altera MegaCore Function License 
Agreement, or other applicable license agreement, including, 
without limitation, that your use is for the sole purpose of 
programming logic devices manufactured by Altera and sold by 
Altera or its authorized distributors.  Please refer to the 
applicable agreement for further details.



+--------------------------------------------------------------------------------------+
; Analysis & Synthesis Summary                                                         ;
+------------------------------------+-------------------------------------------------+
; Analysis & Synthesis Status        ; Successful - Wed May 25 14:14:16 2016           ;
; Quartus II 64-Bit Version          ; 13.0.1 Build 232 06/12/2013 SP 1 SJ Web Edition ;
; Revision Name                      ; hamed                                           ;
; Top-level Entity Name              ; hamed                                           ;
; Family                             ; Cyclone II                                      ;
; Total logic elements               ; 119                                             ;
;     Total combinational functions  ; 84                                              ;
;     Dedicated logic registers      ; 58                                              ;
; Total registers                    ; 58                                              ;
; Total pins                         ; 36                                              ;
; Total virtual pins                 ; 0                                               ;
; Total memory bits                  ; 0                                               ;
; Embedded Multiplier 9-bit elements ; 2                                               ;
; Total PLLs                         ; 0                                               ;
+------------------------------------+-------------------------------------------------+


+----------------------------------------------------------------------------------------------------------------------+
; Analysis & Synthesis Settings                                                                                        ;
+----------------------------------------------------------------------------+--------------------+--------------------+
; Option                                                                     ; Setting            ; Default Value      ;
+----------------------------------------------------------------------------+--------------------+--------------------+
; Top-level entity name                                                      ; hamed              ; hamed              ;
; Family name                                                                ; Cyclone II         ; Cyclone IV GX      ;
; Use smart compilation                                                      ; Off                ; Off                ;
; Enable parallel Assembler and TimeQuest Timing Analyzer during compilation ; On                 ; On                 ;
; Enable compact report table                                                ; Off                ; Off                ;
; Restructure Multiplexers                                                   ; Auto               ; Auto               ;
; Create Debugging Nodes for IP Cores                                        ; Off                ; Off                ;
; Preserve fewer node names                                                  ; On                 ; On                 ;
; Disable OpenCore Plus hardware evaluation                                  ; Off                ; Off                ;
; Verilog Version                                                            ; Verilog_2001       ; Verilog_2001       ;
; VHDL Version                                                               ; VHDL_1993          ; VHDL_1993          ;
; State Machine Processing                                                   ; Auto               ; Auto               ;
; Safe State Machine                                                         ; Off                ; Off                ;
; Extract Verilog State Machines                                             ; On                 ; On                 ;
; Extract VHDL State Machines                                                ; On                 ; On                 ;
; Ignore Verilog initial constructs                                          ; Off                ; Off                ;
; Iteration limit for constant Verilog loops                                 ; 5000               ; 5000               ;
; Iteration limit for non-constant Verilog loops                             ; 250                ; 250                ;
; Add Pass-Through Logic to Inferred RAMs                                    ; On                 ; On                 ;
; Infer RAMs from Raw Logic                                                  ; On                 ; On                 ;
; Parallel Synthesis                                                         ; On                 ; On                 ;
; DSP Block Balancing                                                        ; Auto               ; Auto               ;
; NOT Gate Push-Back                                                         ; On                 ; On                 ;
; Power-Up Don't Care                                                        ; On                 ; On                 ;
; Remove Redundant Logic Cells                                               ; Off                ; Off                ;
; Remove Duplicate Registers                                                 ; On                 ; On                 ;
; Ignore CARRY Buffers                                                       ; Off                ; Off                ;
; Ignore CASCADE Buffers                                                     ; Off                ; Off                ;
; Ignore GLOBAL Buffers                                                      ; Off                ; Off                ;
; Ignore ROW GLOBAL Buffers                                                  ; Off                ; Off                ;
; Ignore LCELL Buffers                                                       ; Off                ; Off                ;
; Ignore SOFT Buffers                                                        ; On                 ; On                 ;
; Limit AHDL Integers to 32 Bits                                             ; Off                ; Off                ;
; Optimization Technique                                                     ; Balanced           ; Balanced           ;
; Carry Chain Length                                                         ; 70                 ; 70                 ;
; Auto Carry Chains                                                          ; On                 ; On                 ;
; Auto Open-Drain Pins                                                       ; On                 ; On                 ;
; Perform WYSIWYG Primitive Resynthesis                                      ; Off                ; Off                ;
; Auto ROM Replacement                                                       ; On                 ; On                 ;
; Auto RAM Replacement                                                       ; On                 ; On                 ;
; Auto Shift Register Replacement                                            ; Auto               ; Auto               ;
; Allow Shift Register Merging across Hierarchies                            ; Auto               ; Auto               ;
; Auto Clock Enable Replacement                                              ; On                 ; On                 ;
; Strict RAM Replacement                                                     ; Off                ; Off                ;
; Allow Synchronous Control Signals                                          ; On                 ; On                 ;
; Force Use of Synchronous Clear Signals                                     ; Off                ; Off                ;
; Auto RAM to Logic Cell Conversion                                          ; Off                ; Off                ;
; Auto Resource Sharing                                                      ; Off                ; Off                ;
; Allow Any RAM Size For Recognition                                         ; Off                ; Off                ;
; Allow Any ROM Size For Recognition                                         ; Off                ; Off                ;
; Allow Any Shift Register Size For Recognition                              ; Off                ; Off                ;
; Use LogicLock Constraints during Resource Balancing                        ; On                 ; On                 ;
; Ignore translate_off and synthesis_off directives                          ; Off                ; Off                ;
; Timing-Driven Synthesis                                                    ; Off                ; Off                ;
; Report Parameter Settings                                                  ; On                 ; On                 ;
; Report Source Assignments                                                  ; On                 ; On                 ;
; Report Connectivity Checks                                                 ; On                 ; On                 ;
; Ignore Maximum Fan-Out Assignments                                         ; Off                ; Off                ;
; Synchronization Register Chain Length                                      ; 2                  ; 2                  ;
; PowerPlay Power Optimization                                               ; Normal compilation ; Normal compilation ;
; HDL message level                                                          ; Level2             ; Level2             ;
; Suppress Register Optimization Related Messages                            ; Off                ; Off                ;
; Number of Removed Registers Reported in Synthesis Report                   ; 5000               ; 5000               ;
; Number of Swept Nodes Reported in Synthesis Report                         ; 5000               ; 5000               ;
; Number of Inverted Registers Reported in Synthesis Report                  ; 100                ; 100                ;
; Clock MUX Protection                                                       ; On                 ; On                 ;
; Auto Gated Clock Conversion                                                ; Off                ; Off                ;
; Block Design Naming                                                        ; Auto               ; Auto               ;
; SDC constraint protection                                                  ; Off                ; Off                ;
; Synthesis Effort                                                           ; Auto               ; Auto               ;
; Shift Register Replacement - Allow Asynchronous Clear Signal               ; On                 ; On                 ;
; Pre-Mapping Resynthesis Optimization                                       ; Off                ; Off                ;
; Analysis & Synthesis Message Level                                         ; Medium             ; Medium             ;
; Disable Register Merging Across Hierarchies                                ; Auto               ; Auto               ;
; Resource Aware Inference For Block RAM                                     ; On                 ; On                 ;
; Synthesis Seed                                                             ; 1                  ; 1                  ;
+----------------------------------------------------------------------------+--------------------+--------------------+


Parallel compilation was disabled, but you have multiple processors available. Enable parallel compilation to reduce compilation time.
+-------------------------------------+
; Parallel Compilation                ;
+----------------------------+--------+
; Processors                 ; Number ;
+----------------------------+--------+
; Number detected on machine ; 8      ;
; Maximum allowed            ; 1      ;
+----------------------------+--------+


+-----------------------------------------------------------------------------------------------------------------------------------------------------------------------+
; Analysis & Synthesis Source Files Read                                                                                                                                ;
+----------------------------------+-----------------+------------------------------------+-------------------------------------------------------------------+---------+
; File Name with User-Entered Path ; Used in Netlist ; File Type                          ; File Name with Absolute Path                                      ; Library ;
+----------------------------------+-----------------+------------------------------------+-------------------------------------------------------------------+---------+
; adder.v                          ; yes             ; User Verilog HDL File              ; C:/altera/13.0sp1/cajadid/adder.v                                 ;         ;
; counter.v                        ; yes             ; User Verilog HDL File              ; C:/altera/13.0sp1/cajadid/counter.v                               ;         ;
; regx.v                           ; yes             ; User Verilog HDL File              ; C:/altera/13.0sp1/cajadid/regx.v                                  ;         ;
; regr.v                           ; yes             ; User Verilog HDL File              ; C:/altera/13.0sp1/cajadid/regr.v                                  ;         ;
; mult.v                           ; yes             ; User Verilog HDL File              ; C:/altera/13.0sp1/cajadid/mult.v                                  ;         ;
; regt.v                           ; yes             ; User Verilog HDL File              ; C:/altera/13.0sp1/cajadid/regt.v                                  ;         ;
; rom.v                            ; yes             ; User Verilog HDL File              ; C:/altera/13.0sp1/cajadid/rom.v                                   ;         ;
; hamed.bdf                        ; yes             ; User Block Diagram/Schematic File  ; C:/altera/13.0sp1/cajadid/hamed.bdf                               ;         ;
; controller.v                     ; yes             ; User Verilog HDL File              ; C:/altera/13.0sp1/cajadid/controller.v                            ;         ;
; mux.v                            ; yes             ; User Verilog HDL File              ; C:/altera/13.0sp1/cajadid/mux.v                                   ;         ;
; lpm_mult.tdf                     ; yes             ; Megafunction                       ; c:/altera/13.0sp1/quartus/libraries/megafunctions/lpm_mult.tdf    ;         ;
; aglobal130.inc                   ; yes             ; Megafunction                       ; c:/altera/13.0sp1/quartus/libraries/megafunctions/aglobal130.inc  ;         ;
; lpm_add_sub.inc                  ; yes             ; Megafunction                       ; c:/altera/13.0sp1/quartus/libraries/megafunctions/lpm_add_sub.inc ;         ;
; multcore.inc                     ; yes             ; Megafunction                       ; c:/altera/13.0sp1/quartus/libraries/megafunctions/multcore.inc    ;         ;
; bypassff.inc                     ; yes             ; Megafunction                       ; c:/altera/13.0sp1/quartus/libraries/megafunctions/bypassff.inc    ;         ;
; altshift.inc                     ; yes             ; Megafunction                       ; c:/altera/13.0sp1/quartus/libraries/megafunctions/altshift.inc    ;         ;
; db/mult_l8t.tdf                  ; yes             ; Auto-Generated Megafunction        ; C:/altera/13.0sp1/cajadid/db/mult_l8t.tdf                         ;         ;
+----------------------------------+-----------------+------------------------------------+-------------------------------------------------------------------+---------+


+-----------------------------------------------------+
; Analysis & Synthesis Resource Usage Summary         ;
+---------------------------------------------+-------+
; Resource                                    ; Usage ;
+---------------------------------------------+-------+
; Estimated Total logic elements              ; 119   ;
;                                             ;       ;
; Total combinational functions               ; 84    ;
; Logic element usage by number of LUT inputs ;       ;
;     -- 4 input functions                    ; 12    ;
;     -- 3 input functions                    ; 65    ;
;     -- <=2 input functions                  ; 7     ;
;                                             ;       ;
; Logic elements by mode                      ;       ;
;     -- normal mode                          ; 68    ;
;     -- arithmetic mode                      ; 16    ;
;                                             ;       ;
; Total registers                             ; 58    ;
;     -- Dedicated logic registers            ; 58    ;
;     -- I/O registers                        ; 0     ;
;                                             ;       ;
; I/O pins                                    ; 36    ;
; Embedded Multiplier 9-bit elements          ; 2     ;
; Maximum fan-out node                        ; clock ;
; Maximum fan-out                             ; 58    ;
; Total fan-out                               ; 528   ;
; Average fan-out                             ; 2.93  ;
+---------------------------------------------+-------+


+--------------------------------------------------------------------------------------------------------------------------------------------------------------------------------------------------------------------------------+
; Analysis & Synthesis Resource Utilization by Entity                                                                                                                                                                            ;
+------------------------------------+-------------------+--------------+-------------+--------------+---------+-----------+------+--------------+----------------------------------------------------------------+--------------+
; Compilation Hierarchy Node         ; LC Combinationals ; LC Registers ; Memory Bits ; DSP Elements ; DSP 9x9 ; DSP 18x18 ; Pins ; Virtual Pins ; Full Hierarchy Name                                            ; Library Name ;
+------------------------------------+-------------------+--------------+-------------+--------------+---------+-----------+------+--------------+----------------------------------------------------------------+--------------+
; |hamed                             ; 84 (1)            ; 58 (0)       ; 0           ; 2            ; 0       ; 1         ; 36   ; 0            ; |hamed                                                         ; work         ;
;    |MUX:inst16|                    ; 38 (38)           ; 0 (0)        ; 0           ; 0            ; 0       ; 0         ; 0    ; 0            ; |hamed|MUX:inst16                                              ; work         ;
;    |Mult16bit:inst11|              ; 0 (0)             ; 0 (0)        ; 0           ; 2            ; 0       ; 1         ; 0    ; 0            ; |hamed|Mult16bit:inst11                                        ; work         ;
;       |lpm_mult:Mult0|             ; 0 (0)             ; 0 (0)        ; 0           ; 2            ; 0       ; 1         ; 0    ; 0            ; |hamed|Mult16bit:inst11|lpm_mult:Mult0                         ; work         ;
;          |mult_l8t:auto_generated| ; 0 (0)             ; 0 (0)        ; 0           ; 2            ; 0       ; 1         ; 0    ; 0            ; |hamed|Mult16bit:inst11|lpm_mult:Mult0|mult_l8t:auto_generated ; work         ;
;    |RegR:inst14|                   ; 18 (18)           ; 16 (16)      ; 0           ; 0            ; 0       ; 0         ; 0    ; 0            ; |hamed|RegR:inst14                                             ; work         ;
;    |RegT:inst15|                   ; 1 (1)             ; 16 (16)      ; 0           ; 0            ; 0       ; 0         ; 0    ; 0            ; |hamed|RegT:inst15                                             ; work         ;
;    |RegX:inst|                     ; 0 (0)             ; 16 (16)      ; 0           ; 0            ; 0       ; 0         ; 0    ; 0            ; |hamed|RegX:inst                                               ; work         ;
;    |adder:inst10|                  ; 16 (16)           ; 0 (0)        ; 0           ; 0            ; 0       ; 0         ; 0    ; 0            ; |hamed|adder:inst10                                            ; work         ;
;    |controller:inst4|              ; 6 (6)             ; 7 (7)        ; 0           ; 0            ; 0       ; 0         ; 0    ; 0            ; |hamed|controller:inst4                                        ; work         ;
;    |counter:inst2|                 ; 3 (3)             ; 3 (3)        ; 0           ; 0            ; 0       ; 0         ; 0    ; 0            ; |hamed|counter:inst2                                           ; work         ;
;    |rom:inst17|                    ; 1 (1)             ; 0 (0)        ; 0           ; 0            ; 0       ; 0         ; 0    ; 0            ; |hamed|rom:inst17                                              ; work         ;
+------------------------------------+-------------------+--------------+-------------+--------------+---------+-----------+------+--------------+----------------------------------------------------------------+--------------+
Note: For table entries with two numbers listed, the numbers in parentheses indicate the number of resources of the given type used by the specific entity alone. The numbers listed outside of parentheses indicate the total resources of the given type used by the specific entity and all of its sub-entities in the hierarchy.


+-----------------------------------------------------+
; Analysis & Synthesis DSP Block Usage Summary        ;
+---------------------------------------+-------------+
; Statistic                             ; Number Used ;
+---------------------------------------+-------------+
; Simple Multipliers (9-bit)            ; 0           ;
; Simple Multipliers (18-bit)           ; 1           ;
; Embedded Multiplier Blocks            ; --          ;
; Embedded Multiplier 9-bit elements    ; 2           ;
; Signed Embedded Multipliers           ; 0           ;
; Unsigned Embedded Multipliers         ; 1           ;
; Mixed Sign Embedded Multipliers       ; 0           ;
; Variable Sign Embedded Multipliers    ; 0           ;
; Dedicated Input Shift Register Chains ; 0           ;
+---------------------------------------+-------------+
Note: number of Embedded Multiplier Blocks used is only available after a successful fit.


Encoding Type:  One-Hot
+-----------------------------------------------------------------------+
; State Machine - |hamed|controller:inst4|ps                            ;
+--------+--------+--------+--------+--------+--------+--------+--------+
; Name   ; ps.110 ; ps.101 ; ps.100 ; ps.011 ; ps.010 ; ps.001 ; ps.000 ;
+--------+--------+--------+--------+--------+--------+--------+--------+
; ps.000 ; 0      ; 0      ; 0      ; 0      ; 0      ; 0      ; 0      ;
; ps.001 ; 0      ; 0      ; 0      ; 0      ; 0      ; 1      ; 1      ;
; ps.010 ; 0      ; 0      ; 0      ; 0      ; 1      ; 0      ; 1      ;
; ps.011 ; 0      ; 0      ; 0      ; 1      ; 0      ; 0      ; 1      ;
; ps.100 ; 0      ; 0      ; 1      ; 0      ; 0      ; 0      ; 1      ;
; ps.101 ; 0      ; 1      ; 0      ; 0      ; 0      ; 0      ; 1      ;
; ps.110 ; 1      ; 0      ; 0      ; 0      ; 0      ; 0      ; 1      ;
+--------+--------+--------+--------+--------+--------+--------+--------+


+----------------------------------------------------------------------------------------------------+
; User-Specified and Inferred Latches                                                                ;
+-----------------------------------------------------+---------------------+------------------------+
; Latch Name                                          ; Latch Enable Signal ; Free of Timing Hazards ;
+-----------------------------------------------------+---------------------+------------------------+
; MUX:inst16|out[0]                                   ; MUX:inst16|out[15]  ; yes                    ;
; MUX:inst16|out[1]                                   ; MUX:inst16|out[15]  ; yes                    ;
; MUX:inst16|out[2]                                   ; MUX:inst16|out[15]  ; yes                    ;
; MUX:inst16|out[3]                                   ; MUX:inst16|out[15]  ; yes                    ;
; MUX:inst16|out[4]                                   ; MUX:inst16|out[15]  ; yes                    ;
; MUX:inst16|out[5]                                   ; MUX:inst16|out[15]  ; yes                    ;
; MUX:inst16|out[6]                                   ; MUX:inst16|out[15]  ; yes                    ;
; MUX:inst16|out[7]                                   ; MUX:inst16|out[15]  ; yes                    ;
; MUX:inst16|out[8]                                   ; MUX:inst16|out[15]  ; yes                    ;
; MUX:inst16|out[9]                                   ; MUX:inst16|out[15]  ; yes                    ;
; MUX:inst16|out[10]                                  ; MUX:inst16|out[15]  ; yes                    ;
; MUX:inst16|out[11]                                  ; MUX:inst16|out[15]  ; yes                    ;
; MUX:inst16|out[12]                                  ; MUX:inst16|out[15]  ; yes                    ;
; MUX:inst16|out[13]                                  ; MUX:inst16|out[15]  ; yes                    ;
; MUX:inst16|out[14]                                  ; MUX:inst16|out[15]  ; yes                    ;
; MUX:inst16|out[15]                                  ; MUX:inst16|out[15]  ; yes                    ;
; Number of user-specified and inferred latches = 16  ;                     ;                        ;
+-----------------------------------------------------+---------------------+------------------------+
Note: All latches listed above may not be present at the end of synthesis due to various synthesis optimizations.


+------------------------------------------------------------+
; Registers Removed During Synthesis                         ;
+---------------------------------------+--------------------+
; Register name                         ; Reason for Removal ;
+---------------------------------------+--------------------+
; controller:inst4|ps~4                 ; Lost fanout        ;
; controller:inst4|ps~5                 ; Lost fanout        ;
; controller:inst4|ps~6                 ; Lost fanout        ;
; Total Number of Removed Registers = 3 ;                    ;
+---------------------------------------+--------------------+


+------------------------------------------------------+
; General Register Statistics                          ;
+----------------------------------------------+-------+
; Statistic                                    ; Value ;
+----------------------------------------------+-------+
; Total registers                              ; 58    ;
; Number of registers using Synchronous Clear  ; 17    ;
; Number of registers using Synchronous Load   ; 17    ;
; Number of registers using Asynchronous Clear ; 7     ;
; Number of registers using Asynchronous Load  ; 0     ;
; Number of registers using Clock Enable       ; 50    ;
; Number of registers using Preset             ; 0     ;
+----------------------------------------------+-------+


+------------------------------------------------------------------------------------------------------------------------------------------+
; Multiplexer Restructuring Statistics (Restructuring Performed)                                                                           ;
+--------------------+-----------+---------------+----------------------+------------------------+------------+----------------------------+
; Multiplexer Inputs ; Bus Width ; Baseline Area ; Area if Restructured ; Saving if Restructured ; Registered ; Example Multiplexer Output ;
+--------------------+-----------+---------------+----------------------+------------------------+------------+----------------------------+
; 3:1                ; 19 bits   ; 38 LEs        ; 19 LEs               ; 19 LEs                 ; Yes        ; |hamed|RegR:inst14|out[14] ;
; 3:1                ; 16 bits   ; 32 LEs        ; 16 LEs               ; 16 LEs                 ; Yes        ; |hamed|RegT:inst15|out[13] ;
+--------------------+-----------+---------------+----------------------+------------------------+------------+----------------------------+


+-----------------------------------------------------------------------------------+
; Parameter Settings for Inferred Entity Instance: Mult16bit:inst11|lpm_mult:Mult0  ;
+------------------------------------------------+------------+---------------------+
; Parameter Name                                 ; Value      ; Type                ;
+------------------------------------------------+------------+---------------------+
; AUTO_CARRY_CHAINS                              ; ON         ; AUTO_CARRY          ;
; IGNORE_CARRY_BUFFERS                           ; OFF        ; IGNORE_CARRY        ;
; AUTO_CASCADE_CHAINS                            ; ON         ; AUTO_CASCADE        ;
; IGNORE_CASCADE_BUFFERS                         ; OFF        ; IGNORE_CASCADE      ;
; LPM_WIDTHA                                     ; 16         ; Untyped             ;
; LPM_WIDTHB                                     ; 16         ; Untyped             ;
; LPM_WIDTHP                                     ; 32         ; Untyped             ;
; LPM_WIDTHR                                     ; 32         ; Untyped             ;
; LPM_WIDTHS                                     ; 1          ; Untyped             ;
; LPM_REPRESENTATION                             ; UNSIGNED   ; Untyped             ;
; LPM_PIPELINE                                   ; 0          ; Untyped             ;
; LATENCY                                        ; 0          ; Untyped             ;
; INPUT_A_IS_CONSTANT                            ; NO         ; Untyped             ;
; INPUT_B_IS_CONSTANT                            ; NO         ; Untyped             ;
; USE_EAB                                        ; OFF        ; Untyped             ;
; MAXIMIZE_SPEED                                 ; 6          ; Untyped             ;
; DEVICE_FAMILY                                  ; Cyclone II ; Untyped             ;
; CARRY_CHAIN                                    ; MANUAL     ; Untyped             ;
; APEX20K_TECHNOLOGY_MAPPER                      ; LUT        ; TECH_MAPPER_APEX20K ;
; DEDICATED_MULTIPLIER_CIRCUITRY                 ; AUTO       ; Untyped             ;
; DEDICATED_MULTIPLIER_MIN_INPUT_WIDTH_FOR_AUTO  ; 0          ; Untyped             ;
; DEDICATED_MULTIPLIER_MIN_OUTPUT_WIDTH_FOR_AUTO ; 0          ; Untyped             ;
; CBXI_PARAMETER                                 ; mult_l8t   ; Untyped             ;
; INPUT_A_FIXED_VALUE                            ; Bx         ; Untyped             ;
; INPUT_B_FIXED_VALUE                            ; Bx         ; Untyped             ;
; USE_AHDL_IMPLEMENTATION                        ; OFF        ; Untyped             ;
+------------------------------------------------+------------+---------------------+
Note: In order to hide this table in the UI and the text report file, please set the "Show Parameter Settings in Synthesis Report" option in "Analysis and Synthesis Settings -> More Settings" to "Off".


+-------------------------------------------------------------------------+
; lpm_mult Parameter Settings by Entity Instance                          ;
+---------------------------------------+---------------------------------+
; Name                                  ; Value                           ;
+---------------------------------------+---------------------------------+
; Number of entity instances            ; 1                               ;
; Entity Instance                       ; Mult16bit:inst11|lpm_mult:Mult0 ;
;     -- LPM_WIDTHA                     ; 16                              ;
;     -- LPM_WIDTHB                     ; 16                              ;
;     -- LPM_WIDTHP                     ; 32                              ;
;     -- LPM_REPRESENTATION             ; UNSIGNED                        ;
;     -- INPUT_A_IS_CONSTANT            ; NO                              ;
;     -- INPUT_B_IS_CONSTANT            ; NO                              ;
;     -- USE_EAB                        ; OFF                             ;
;     -- DEDICATED_MULTIPLIER_CIRCUITRY ; AUTO                            ;
;     -- INPUT_A_FIXED_VALUE            ; Bx                              ;
;     -- INPUT_B_FIXED_VALUE            ; Bx                              ;
+---------------------------------------+---------------------------------+


+-------------------------------+
; Elapsed Time Per Partition    ;
+----------------+--------------+
; Partition Name ; Elapsed Time ;
+----------------+--------------+
; Top            ; 00:00:00     ;
+----------------+--------------+


+-------------------------------+
; Analysis & Synthesis Messages ;
+-------------------------------+
Info: *******************************************************************
Info: Running Quartus II 64-Bit Analysis & Synthesis
    Info: Version 13.0.1 Build 232 06/12/2013 Service Pack 1 SJ Web Edition
    Info: Processing started: Wed May 25 14:14:15 2016
Info: Command: quartus_map --read_settings_files=on --write_settings_files=off hamed -c hamed
Warning (20028): Parallel compilation is not licensed and has been disabled
Info (12021): Found 1 design units, including 1 entities, in source file adder.v
    Info (12023): Found entity 1: adder
Info (12021): Found 1 design units, including 1 entities, in source file counter.v
    Info (12023): Found entity 1: counter
Info (12021): Found 1 design units, including 1 entities, in source file regx.v
    Info (12023): Found entity 1: RegX
Info (12021): Found 1 design units, including 1 entities, in source file regr.v
    Info (12023): Found entity 1: RegR
Info (12021): Found 1 design units, including 1 entities, in source file mult.v
    Info (12023): Found entity 1: Mult16bit
Info (12021): Found 1 design units, including 1 entities, in source file regt.v
    Info (12023): Found entity 1: RegT
Info (12021): Found 1 design units, including 1 entities, in source file rom.v
    Info (12023): Found entity 1: rom
Info (12021): Found 1 design units, including 1 entities, in source file hamed.bdf
    Info (12023): Found entity 1: hamed
Info (12021): Found 1 design units, including 1 entities, in source file controller.v
    Info (12023): Found entity 1: controller
Warning (12090): Entity "MUX" obtained from "mux.v" instead of from Quartus II megafunction library
Info (12021): Found 1 design units, including 1 entities, in source file mux.v
    Info (12023): Found entity 1: MUX
Info (12021): Found 1 design units, including 1 entities, in source file adder 2.v
    Info (12023): Found entity 1: FA16bit
Info (12127): Elaborating entity "hamed" for the top level hierarchy
Info (12128): Elaborating entity "controller" for hierarchy "controller:inst4"
Warning (10230): Verilog HDL assignment warning at controller.v(17): truncated value with size 32 to match size of target (1)
Info (12128): Elaborating entity "counter" for hierarchy "counter:inst2"
Warning (10230): Verilog HDL assignment warning at counter.v(9): truncated value with size 32 to match size of target (3)
Warning (10230): Verilog HDL assignment warning at counter.v(13): truncated value with size 32 to match size of target (1)
Info (12128): Elaborating entity "RegR" for hierarchy "RegR:inst14"
Info (12128): Elaborating entity "adder" for hierarchy "adder:inst10"
Info (12128): Elaborating entity "RegT" for hierarchy "RegT:inst15"
Info (12128): Elaborating entity "Mult16bit" for hierarchy "Mult16bit:inst11"
Info (12128): Elaborating entity "MUX" for hierarchy "MUX:inst16"
Warning (10240): Verilog HDL Always Construct warning at mux.v(6): inferring latch(es) for variable "out", which holds its previous value in one or more paths through the always construct
Info (10041): Inferred latch for "out[0]" at mux.v(6)
Info (10041): Inferred latch for "out[1]" at mux.v(6)
Info (10041): Inferred latch for "out[2]" at mux.v(6)
Info (10041): Inferred latch for "out[3]" at mux.v(6)
Info (10041): Inferred latch for "out[4]" at mux.v(6)
Info (10041): Inferred latch for "out[5]" at mux.v(6)
Info (10041): Inferred latch for "out[6]" at mux.v(6)
Info (10041): Inferred latch for "out[7]" at mux.v(6)
Info (10041): Inferred latch for "out[8]" at mux.v(6)
Info (10041): Inferred latch for "out[9]" at mux.v(6)
Info (10041): Inferred latch for "out[10]" at mux.v(6)
Info (10041): Inferred latch for "out[11]" at mux.v(6)
Info (10041): Inferred latch for "out[12]" at mux.v(6)
Info (10041): Inferred latch for "out[13]" at mux.v(6)
Info (10041): Inferred latch for "out[14]" at mux.v(6)
Info (10041): Inferred latch for "out[15]" at mux.v(6)
Info (12128): Elaborating entity "rom" for hierarchy "rom:inst17"
Info (12128): Elaborating entity "RegX" for hierarchy "RegX:inst"
Info (278001): Inferred 1 megafunctions from design logic
    Info (278003): Inferred multiplier megafunction ("lpm_mult") from the following logic: "Mult16bit:inst11|Mult0"
Info (12130): Elaborated megafunction instantiation "Mult16bit:inst11|lpm_mult:Mult0"
Info (12133): Instantiated megafunction "Mult16bit:inst11|lpm_mult:Mult0" with the following parameter:
    Info (12134): Parameter "LPM_WIDTHA" = "16"
    Info (12134): Parameter "LPM_WIDTHB" = "16"
    Info (12134): Parameter "LPM_WIDTHP" = "32"
    Info (12134): Parameter "LPM_WIDTHR" = "32"
    Info (12134): Parameter "LPM_WIDTHS" = "1"
    Info (12134): Parameter "LPM_REPRESENTATION" = "UNSIGNED"
    Info (12134): Parameter "INPUT_A_IS_CONSTANT" = "NO"
    Info (12134): Parameter "INPUT_B_IS_CONSTANT" = "NO"
    Info (12134): Parameter "MAXIMIZE_SPEED" = "6"
Info (12021): Found 1 design units, including 1 entities, in source file db/mult_l8t.tdf
    Info (12023): Found entity 1: mult_l8t
Warning (13012): Latch MUX:inst16|out[0] has unsafe behavior
    Warning (13013): Ports D and ENA on the latch are fed by the same signal controller:inst4|selX
Warning (13012): Latch MUX:inst16|out[1] has unsafe behavior
    Warning (13013): Ports D and ENA on the latch are fed by the same signal controller:inst4|selX
Warning (13012): Latch MUX:inst16|out[2] has unsafe behavior
    Warning (13013): Ports D and ENA on the latch are fed by the same signal controller:inst4|selX
Warning (13012): Latch MUX:inst16|out[3] has unsafe behavior
    Warning (13013): Ports D and ENA on the latch are fed by the same signal controller:inst4|selX
Warning (13012): Latch MUX:inst16|out[4] has unsafe behavior
    Warning (13013): Ports D and ENA on the latch are fed by the same signal controller:inst4|selX
Warning (13012): Latch MUX:inst16|out[5] has unsafe behavior
    Warning (13013): Ports D and ENA on the latch are fed by the same signal controller:inst4|selX
Warning (13012): Latch MUX:inst16|out[6] has unsafe behavior
    Warning (13013): Ports D and ENA on the latch are fed by the same signal controller:inst4|selX
Warning (13012): Latch MUX:inst16|out[7] has unsafe behavior
    Warning (13013): Ports D and ENA on the latch are fed by the same signal controller:inst4|selX
Warning (13012): Latch MUX:inst16|out[8] has unsafe behavior
    Warning (13013): Ports D and ENA on the latch are fed by the same signal controller:inst4|selX
Warning (13012): Latch MUX:inst16|out[9] has unsafe behavior
    Warning (13013): Ports D and ENA on the latch are fed by the same signal controller:inst4|selX
Warning (13012): Latch MUX:inst16|out[10] has unsafe behavior
    Warning (13013): Ports D and ENA on the latch are fed by the same signal controller:inst4|selX
Warning (13012): Latch MUX:inst16|out[11] has unsafe behavior
    Warning (13013): Ports D and ENA on the latch are fed by the same signal controller:inst4|selX
Warning (13012): Latch MUX:inst16|out[12] has unsafe behavior
    Warning (13013): Ports D and ENA on the latch are fed by the same signal controller:inst4|selX
Warning (13012): Latch MUX:inst16|out[13] has unsafe behavior
    Warning (13013): Ports D and ENA on the latch are fed by the same signal controller:inst4|selX
Warning (13012): Latch MUX:inst16|out[14] has unsafe behavior
    Warning (13013): Ports D and ENA on the latch are fed by the same signal controller:inst4|selX
Warning (13012): Latch MUX:inst16|out[15] has unsafe behavior
    Warning (13013): Ports D and ENA on the latch are fed by the same signal controller:inst4|selX
Info (17049): 3 registers lost all their fanouts during netlist optimizations.
Info (16010): Generating hard_block partition "hard_block:auto_generated_inst"
    Info (16011): Adding 0 node(s), including 0 DDIO, 0 PLL, 0 transceiver and 0 LCELL
Info (21057): Implemented 157 device resources after synthesis - the final resource count might be different
    Info (21058): Implemented 19 input pins
    Info (21059): Implemented 17 output pins
    Info (21061): Implemented 119 logic cells
    Info (21062): Implemented 2 DSP elements
Info: Quartus II 64-Bit Analysis & Synthesis was successful. 0 errors, 38 warnings
    Info: Peak virtual memory: 472 megabytes
    Info: Processing ended: Wed May 25 14:14:16 2016
    Info: Elapsed time: 00:00:01
    Info: Total CPU time (on all processors): 00:00:01


